// Jest Snapshot v1, https://goo.gl/fbAQLP

exports[`Container should render with max-width: 45rem when size is fixed 1`] = `
.c0 {
  height: 100%;
  margin: 0 auto;
  padding: 2.5rem 1rem;
  max-width: 45rem;
}

<div>
  <div
    class="c0"
  >
    <h1>
      Container
    </h1>
  </div>
</div>
`;
