// Jest Snapshot v1, https://goo.gl/fbAQLP

exports[`<Button /> should render the medium button by default 1`] = `
.c0 {
  background: #FE5873;
  border: 0;
  border-radius: 0.25rem;
  padding: 0.5rem;
  color: #C4C4CC;
  -webkit-text-decoration: none;
  text-decoration: none;
  cursor: pointer;
  display: -webkit-inline-box;
  display: -webkit-inline-flex;
  display: -ms-inline-flexbox;
  display: inline-flex;
  -webkit-align-items: center;
  -webkit-box-align: center;
  -ms-flex-align: center;
  align-items: center;
  -webkit-box-pack: center;
  -webkit-justify-content: center;
  -ms-flex-pack: center;
  justify-content: center;
  height: 2.6875rem;
  padding: 0.5rem 2rem;
  font-size: 0.875rem;
}

.c0:hover {
  -webkit-filter: brightness(0.9);
  filter: brightness(0.9);
}

<button
  class="c0"
>
  <span>
    Buy now
  </span>
</button>
`;
