// Jest Snapshot v1, https://goo.gl/fbAQLP

exports[`Base should render without error 1`] = `
.c0 {
  width: 100%;
  height: 100vh;
}

<div>
  <main
    aria-label="Main"
    class="c0"
  />
</div>
`;
